#
# There is insufficient memory for the Java Runtime Environment to continue.
# Native memory allocation (malloc) failed to allocate 1759216 bytes. Error detail: Chunk::new
# Possible reasons:
#   The system is out of physical RAM or swap space
#   This process is running with CompressedOops enabled, and the Java Heap may be blocking the growth of the native heap
# Possible solutions:
#   Reduce memory load on the system
#   Increase physical memory or swap space
#   Check if swap backing store is full
#   Decrease Java heap size (-Xmx/-Xms)
#   Decrease number of Java threads
#   Decrease Java thread stack sizes (-Xss)
#   Set larger code cache with -XX:ReservedCodeCacheSize=
#   JVM is running with Zero Based Compressed Oops mode in which the Java heap is
#     placed in the first 32GB address space. The Java Heap base address is the
#     maximum limit for the native heap growth. Please use -XX:HeapBaseMinAddress
#     to set the Java Heap base and to place the Java Heap above 32GB virtual address.
# This output file may be truncated or incomplete.
#
#  Out of Memory Error (arena.cpp:168), pid=9376, tid=33440
#
# JRE version: OpenJDK Runtime Environment (21.0.9) (build 21.0.9+-14787801-b1163.94)
# Java VM: OpenJDK 64-Bit Server VM (21.0.9+-14787801-b1163.94, mixed mode, tiered, compressed oops, compressed class ptrs, g1 gc, windows-amd64)
# No core dump will be written. Minidumps are not enabled by default on client versions of Windows
#

---------------  S U M M A R Y ------------

Command Line: org.jetbrains.kotlin.cli.jvm.K2JVMCompiler @C:\Users\jppj4\AndroidStudioProjects\admin\app\build\20260317_11333695142491036066.compiler.options

Host: 12th Gen Intel(R) Core(TM) i5-1235U, 12 cores, 15G,  Windows 11 , 64 bit Build 26100 (10.0.26100.7705)
Time: Tue Mar 17 21:16:20 2026 India Standard Time elapsed time: 9.845821 seconds (0d 0h 0m 9s)

---------------  T H R E A D  ---------------

Current thread (0x000001ea8a607190):  JavaThread "C2 CompilerThread2" daemon [_thread_in_native, id=33440, stack(0x00000046ca200000,0x00000046ca300000) (1024K)]


Current CompileTask:
C2:9846 8073       4       org.jetbrains.kotlin.ir.declarations.lazy.SynchronizedLazyVar::getValue (11 bytes)

Stack: [0x00000046ca200000,0x00000046ca300000]
Native frames: (J=compiled Java code, j=interpreted, Vv=VM code, C=native code)
V  [jvm.dll+0x6d6c99]
V  [jvm.dll+0x866b83]
V  [jvm.dll+0x8691ae]
V  [jvm.dll+0x869893]
V  [jvm.dll+0x280776]
V  [jvm.dll+0xc07cd]
V  [jvm.dll+0xc0d03]
V  [jvm.dll+0x3b9831]
V  [jvm.dll+0x3856a7]
V  [jvm.dll+0x384b1a]
V  [jvm.dll+0x249462]
V  [jvm.dll+0x248a31]
V  [jvm.dll+0x1c7344]
V  [jvm.dll+0x2581ae]
V  [jvm.dll+0x2566f6]
V  [jvm.dll+0x3f48a6]
V  [jvm.dll+0x80f118]
V  [jvm.dll+0x6d54ed]
C  [ucrtbase.dll+0x37b0]
C  [KERNEL32.DLL+0x2e8d7]
C  [ntdll.dll+0x8c40c]


---------------  P R O C E S S  ---------------

Threads class SMR info:
_java_thread_list=0x000001ea8f26db70, length=13, elements={
0x000001eae28cff50, 0x000001eaff0d1350, 0x000001eaff0abc30, 0x000001eaff0a9460,
0x000001eaff0f7990, 0x000001eaff0f8000, 0x000001eaff0fa5e0, 0x000001eaff0fb040,
0x000001eaff1055f0, 0x000001eaff12e1e0, 0x000001eaff2c4b40, 0x000001ea8a608cd0,
0x000001ea8a607190
}

Java Threads: ( => current thread )
  0x000001eae28cff50 JavaThread "main"                              [_thread_in_Java, id=16480, stack(0x00000046c8600000,0x00000046c8700000) (1024K)]
  0x000001eaff0d1350 JavaThread "Common-Cleaner"             daemon [_thread_blocked, id=34960, stack(0x00000046c8e00000,0x00000046c8f00000) (1024K)]
  0x000001eaff0abc30 JavaThread "Reference Handler"          daemon [_thread_blocked, id=13976, stack(0x00000046c8f00000,0x00000046c9000000) (1024K)]
  0x000001eaff0a9460 JavaThread "Finalizer"                  daemon [_thread_blocked, id=35664, stack(0x00000046c9000000,0x00000046c9100000) (1024K)]
  0x000001eaff0f7990 JavaThread "Signal Dispatcher"          daemon [_thread_blocked, id=22236, stack(0x00000046c9100000,0x00000046c9200000) (1024K)]
  0x000001eaff0f8000 JavaThread "Attach Listener"            daemon [_thread_blocked, id=30888, stack(0x00000046c9200000,0x00000046c9300000) (1024K)]
  0x000001eaff0fa5e0 JavaThread "Service Thread"             daemon [_thread_blocked, id=37124, stack(0x00000046c9300000,0x00000046c9400000) (1024K)]
  0x000001eaff0fb040 JavaThread "Monitor Deflation Thread"   daemon [_thread_blocked, id=1620, stack(0x00000046c9400000,0x00000046c9500000) (1024K)]
  0x000001eaff1055f0 JavaThread "C2 CompilerThread0"         daemon [_thread_in_native, id=43548, stack(0x00000046c9500000,0x00000046c9600000) (1024K)]
  0x000001eaff12e1e0 JavaThread "C1 CompilerThread0"         daemon [_thread_blocked, id=18908, stack(0x00000046c9600000,0x00000046c9700000) (1024K)]
  0x000001eaff2c4b40 JavaThread "Notification Thread"        daemon [_thread_blocked, id=25948, stack(0x00000046c9700000,0x00000046c9800000) (1024K)]
  0x000001ea8a608cd0 JavaThread "C2 CompilerThread1"         daemon [_thread_in_native, id=42948, stack(0x00000046ca100000,0x00000046ca200000) (1024K)]
=>0x000001ea8a607190 JavaThread "C2 CompilerThread2"         daemon [_thread_in_native, id=33440, stack(0x00000046ca200000,0x00000046ca300000) (1024K)]
Total: 13

Other Threads:
  0x000001eafef2ea10 VMThread "VM Thread"                           [id=1796, stack(0x00000046c8d00000,0x00000046c8e00000) (1024K)]
  0x000001eafeeba940 WatcherThread "VM Periodic Task Thread"        [id=2932, stack(0x00000046c8c00000,0x00000046c8d00000) (1024K)]
  0x000001eae4dae0d0 WorkerThread "GC Thread#0"                     [id=42228, stack(0x00000046c8700000,0x00000046c8800000) (1024K)]
  0x000001eaff9f3120 WorkerThread "GC Thread#1"                     [id=38892, stack(0x00000046c9800000,0x00000046c9900000) (1024K)]
  0x000001eaffa1ec60 WorkerThread "GC Thread#2"                     [id=8344, stack(0x00000046c9900000,0x00000046c9a00000) (1024K)]
  0x000001eaffa1f000 WorkerThread "GC Thread#3"                     [id=16380, stack(0x00000046c9a00000,0x00000046c9b00000) (1024K)]
  0x000001eaffa10dd0 WorkerThread "GC Thread#4"                     [id=14288, stack(0x00000046c9b00000,0x00000046c9c00000) (1024K)]
  0x000001eaffa3a610 WorkerThread "GC Thread#5"                     [id=17964, stack(0x00000046c9c00000,0x00000046c9d00000) (1024K)]
  0x000001eaffa393f0 WorkerThread "GC Thread#6"                     [id=24700, stack(0x00000046c9d00000,0x00000046c9e00000) (1024K)]
  0x000001eaffa39b30 WorkerThread "GC Thread#7"                     [id=35708, stack(0x00000046c9e00000,0x00000046c9f00000) (1024K)]
  0x000001ea84587180 WorkerThread "GC Thread#8"                     [id=11268, stack(0x00000046ca300000,0x00000046ca400000) (1024K)]
  0x000001ea845866a0 WorkerThread "GC Thread#9"                     [id=1452, stack(0x00000046ca400000,0x00000046ca500000) (1024K)]
  0x000001eae4dc05d0 ConcurrentGCThread "G1 Main Marker"            [id=21244, stack(0x00000046c8800000,0x00000046c8900000) (1024K)]
  0x000001eae4dc10d0 WorkerThread "G1 Conc#0"                       [id=30452, stack(0x00000046c8900000,0x00000046c8a00000) (1024K)]
  0x000001eaffa39ed0 WorkerThread "G1 Conc#1"                       [id=39044, stack(0x00000046c9f00000,0x00000046ca000000) (1024K)]
  0x000001eaffa3a270 WorkerThread "G1 Conc#2"                       [id=29776, stack(0x00000046ca000000,0x00000046ca100000) (1024K)]
  0x000001eafed8a5e0 ConcurrentGCThread "G1 Refine#0"               [id=20644, stack(0x00000046c8a00000,0x00000046c8b00000) (1024K)]
  0x000001eafed8be10 ConcurrentGCThread "G1 Service"                [id=21616, stack(0x00000046c8b00000,0x00000046c8c00000) (1024K)]
Total: 18

Threads with active compile tasks:
C2 CompilerThread0  9895 8183       4       org.jetbrains.kotlin.fir.backend.Fir2IrTypeConverter::toIrType (1744 bytes)
C1 CompilerThread0  9895 8449       2       org.jetbrains.kotlin.ir.visitors.IrVisitorVoid::visitConst (13 bytes)
C2 CompilerThread1  9895 8419   !   4       org.jetbrains.kotlin.fir.backend.MappedLazyVar::getValue (102 bytes)
C2 CompilerThread2  9895 8073       4       org.jetbrains.kotlin.ir.declarations.lazy.SynchronizedLazyVar::getValue (11 bytes)
Total: 4

VM state: not at safepoint (normal execution)

VM Mutex/Monitor currently owned by a thread: None

Heap address: 0x0000000705200000, size: 4014 MB, Compressed Oops mode: Zero based, Oop shift amount: 3

CDS archive(s) not mapped
Compressed class space mapped at: 0x0000000800000000-0x0000000840000000, reserved size: 1073741824
Narrow klass base: 0x0000000800000000, Narrow klass shift: 0, Narrow klass range: 0x40000000

GC Precious Log:
 CardTable entry size: 512
 Card Set container configuration: InlinePtr #cards 4 size 8 Array Of Cards #cards 16 size 48 Howl #buckets 8 coarsen threshold 3686 Howl Bitmap #cards 512 size 80 coarsen threshold 460 Card regions per heap region 1 cards per card region 4096
 CPUs: 12 total, 12 available
 Memory: 16055M
 Large Page Support: Disabled
 NUMA Support: Disabled
 Compressed Oops: Enabled (Zero based)
 Heap Region Size: 2M
 Heap Min Capacity: 8M
 Heap Initial Capacity: 252M
 Heap Max Capacity: 4014M
 Pre-touch: Disabled
 Parallel Workers: 10
 Concurrent Workers: 3
 Concurrent Refinement Workers: 10
 Periodic GC: Disabled

Heap:
 garbage-first heap   total 182272K, used 130455K [0x0000000705200000, 0x0000000800000000)
  region size 2048K, 37 young (75776K), 5 survivors (10240K)
 Metaspace       used 74965K, committed 75328K, reserved 1179648K
  class space    used 8638K, committed 8768K, reserved 1048576K

Heap Regions: E=young(eden), S=young(survivor), O=old, HS=humongous(starts), HC=humongous(continues), CS=collection set, F=free, TAMS=top-at-mark-start, PB=parsable bottom
|   0|0x0000000705200000, 0x0000000705400000, 0x0000000705400000|100%|HS|  |TAMS 0x0000000705200000| PB 0x0000000705200000| Complete 
|   1|0x0000000705400000, 0x0000000705600000, 0x0000000705600000|100%|HC|  |TAMS 0x0000000705400000| PB 0x0000000705400000| Complete 
|   2|0x0000000705600000, 0x0000000705800000, 0x0000000705800000|100%| O|  |TAMS 0x0000000705600000| PB 0x0000000705600000| Untracked 
|   3|0x0000000705800000, 0x0000000705a00000, 0x0000000705a00000|100%| O|  |TAMS 0x0000000705800000| PB 0x0000000705800000| Untracked 
|   4|0x0000000705a00000, 0x0000000705c00000, 0x0000000705c00000|100%| O|  |TAMS 0x0000000705a00000| PB 0x0000000705a00000| Untracked 
|   5|0x0000000705c00000, 0x0000000705e00000, 0x0000000705e00000|100%| O|  |TAMS 0x0000000705c00000| PB 0x0000000705c00000| Untracked 
|   6|0x0000000705e00000, 0x0000000706000000, 0x0000000706000000|100%| O|  |TAMS 0x0000000705e00000| PB 0x0000000705e00000| Untracked 
|   7|0x0000000706000000, 0x0000000706200000, 0x0000000706200000|100%| O|  |TAMS 0x0000000706000000| PB 0x0000000706000000| Untracked 
|   8|0x0000000706200000, 0x0000000706400000, 0x0000000706400000|100%| O|  |TAMS 0x0000000706200000| PB 0x0000000706200000| Untracked 
|   9|0x0000000706400000, 0x0000000706600000, 0x0000000706600000|100%| O|  |TAMS 0x0000000706400000| PB 0x0000000706400000| Untracked 
|  10|0x0000000706600000, 0x0000000706800000, 0x0000000706800000|100%| O|  |TAMS 0x0000000706600000| PB 0x0000000706600000| Untracked 
|  11|0x0000000706800000, 0x0000000706a00000, 0x0000000706a00000|100%| O|  |TAMS 0x0000000706800000| PB 0x0000000706800000| Untracked 
|  12|0x0000000706a00000, 0x0000000706c00000, 0x0000000706c00000|100%| O|  |TAMS 0x0000000706a00000| PB 0x0000000706a00000| Untracked 
|  13|0x0000000706c00000, 0x0000000706e00000, 0x0000000706e00000|100%| O|  |TAMS 0x0000000706c00000| PB 0x0000000706c00000| Untracked 
|  14|0x0000000706e00000, 0x0000000707000000, 0x0000000707000000|100%| O|  |TAMS 0x0000000706e00000| PB 0x0000000706e00000| Untracked 
|  15|0x0000000707000000, 0x0000000707200000, 0x0000000707200000|100%| O|  |TAMS 0x0000000707000000| PB 0x0000000707000000| Untracked 
|  16|0x0000000707200000, 0x0000000707400000, 0x0000000707400000|100%| O|  |TAMS 0x0000000707200000| PB 0x0000000707200000| Untracked 
|  17|0x0000000707400000, 0x0000000707600000, 0x0000000707600000|100%| O|  |TAMS 0x0000000707400000| PB 0x0000000707400000| Untracked 
|  18|0x0000000707600000, 0x0000000707600000, 0x0000000707800000|  0%| F|  |TAMS 0x0000000707600000| PB 0x0000000707600000| Untracked 
|  19|0x0000000707800000, 0x0000000707a00000, 0x0000000707a00000|100%| O|  |TAMS 0x0000000707800000| PB 0x0000000707800000| Untracked 
|  20|0x0000000707a00000, 0x0000000707c00000, 0x0000000707c00000|100%| O|  |TAMS 0x0000000707a00000| PB 0x0000000707a00000| Untracked 
|  21|0x0000000707c00000, 0x0000000707e00000, 0x0000000707e00000|100%| O|  |TAMS 0x0000000707c00000| PB 0x0000000707c00000| Untracked 
|  22|0x0000000707e00000, 0x0000000708000000, 0x0000000708000000|100%| O|  |TAMS 0x0000000707e00000| PB 0x0000000707e00000| Untracked 
|  23|0x0000000708000000, 0x0000000708200000, 0x0000000708200000|100%| O|  |TAMS 0x0000000708000000| PB 0x0000000708000000| Untracked 
|  24|0x0000000708200000, 0x0000000708400000, 0x0000000708400000|100%| O|  |TAMS 0x0000000708200000| PB 0x0000000708200000| Untracked 
|  25|0x0000000708400000, 0x0000000708600000, 0x0000000708600000|100%| O|  |TAMS 0x0000000708400000| PB 0x0000000708400000| Untracked 
|  26|0x0000000708600000, 0x0000000708800000, 0x0000000708800000|100%| O|  |TAMS 0x0000000708600000| PB 0x0000000708600000| Untracked 
|  27|0x0000000708800000, 0x0000000708a00000, 0x0000000708a00000|100%| O|  |TAMS 0x0000000708800000| PB 0x0000000708800000| Untracked 
|  28|0x0000000708a00000, 0x0000000708b65c18, 0x0000000708c00000| 69%| O|  |TAMS 0x0000000708a00000| PB 0x0000000708a00000| Untracked 
|  29|0x0000000708c00000, 0x0000000708c00000, 0x0000000708e00000|  0%| F|  |TAMS 0x0000000708c00000| PB 0x0000000708c00000| Untracked 
|  30|0x0000000708e00000, 0x0000000708e00000, 0x0000000709000000|  0%| F|  |TAMS 0x0000000708e00000| PB 0x0000000708e00000| Untracked 
|  31|0x0000000709000000, 0x0000000709000000, 0x0000000709200000|  0%| F|  |TAMS 0x0000000709000000| PB 0x0000000709000000| Untracked 
|  32|0x0000000709200000, 0x0000000709200000, 0x0000000709400000|  0%| F|  |TAMS 0x0000000709200000| PB 0x0000000709200000| Untracked 
|  33|0x0000000709400000, 0x0000000709400000, 0x0000000709600000|  0%| F|  |TAMS 0x0000000709400000| PB 0x0000000709400000| Untracked 
|  34|0x0000000709600000, 0x0000000709600000, 0x0000000709800000|  0%| F|  |TAMS 0x0000000709600000| PB 0x0000000709600000| Untracked 
|  35|0x0000000709800000, 0x0000000709800000, 0x0000000709a00000|  0%| F|  |TAMS 0x0000000709800000| PB 0x0000000709800000| Untracked 
|  36|0x0000000709a00000, 0x0000000709a00000, 0x0000000709c00000|  0%| F|  |TAMS 0x0000000709a00000| PB 0x0000000709a00000| Untracked 
|  37|0x0000000709c00000, 0x0000000709c00000, 0x0000000709e00000|  0%| F|  |TAMS 0x0000000709c00000| PB 0x0000000709c00000| Untracked 
|  38|0x0000000709e00000, 0x0000000709e00000, 0x000000070a000000|  0%| F|  |TAMS 0x0000000709e00000| PB 0x0000000709e00000| Untracked 
|  39|0x000000070a000000, 0x000000070a000000, 0x000000070a200000|  0%| F|  |TAMS 0x000000070a000000| PB 0x000000070a000000| Untracked 
|  40|0x000000070a200000, 0x000000070a200000, 0x000000070a400000|  0%| F|  |TAMS 0x000000070a200000| PB 0x000000070a200000| Untracked 
|  41|0x000000070a400000, 0x000000070a600000, 0x000000070a600000|100%| S|CS|TAMS 0x000000070a400000| PB 0x000000070a400000| Complete 
|  42|0x000000070a600000, 0x000000070a800000, 0x000000070a800000|100%| S|CS|TAMS 0x000000070a600000| PB 0x000000070a600000| Complete 
|  43|0x000000070a800000, 0x000000070aa00000, 0x000000070aa00000|100%| S|CS|TAMS 0x000000070a800000| PB 0x000000070a800000| Complete 
|  44|0x000000070aa00000, 0x000000070ac00000, 0x000000070ac00000|100%| S|CS|TAMS 0x000000070aa00000| PB 0x000000070aa00000| Complete 
|  45|0x000000070ac00000, 0x000000070ae00000, 0x000000070ae00000|100%| S|CS|TAMS 0x000000070ac00000| PB 0x000000070ac00000| Complete 
|  46|0x000000070ae00000, 0x000000070ae00000, 0x000000070b000000|  0%| F|  |TAMS 0x000000070ae00000| PB 0x000000070ae00000| Untracked 
|  47|0x000000070b000000, 0x000000070b000000, 0x000000070b200000|  0%| F|  |TAMS 0x000000070b000000| PB 0x000000070b000000| Untracked 
|  48|0x000000070b200000, 0x000000070b200000, 0x000000070b400000|  0%| F|  |TAMS 0x000000070b200000| PB 0x000000070b200000| Untracked 
|  49|0x000000070b400000, 0x000000070b400000, 0x000000070b600000|  0%| F|  |TAMS 0x000000070b400000| PB 0x000000070b400000| Untracked 
|  50|0x000000070b600000, 0x000000070b600000, 0x000000070b800000|  0%| F|  |TAMS 0x000000070b600000| PB 0x000000070b600000| Untracked 
|  51|0x000000070b800000, 0x000000070b800000, 0x000000070ba00000|  0%| F|  |TAMS 0x000000070b800000| PB 0x000000070b800000| Untracked 
|  52|0x000000070ba00000, 0x000000070ba00000, 0x000000070bc00000|  0%| F|  |TAMS 0x000000070ba00000| PB 0x000000070ba00000| Untracked 
|  53|0x000000070bc00000, 0x000000070bc00000, 0x000000070be00000|  0%| F|  |TAMS 0x000000070bc00000| PB 0x000000070bc00000| Untracked 
|  54|0x000000070be00000, 0x000000070be00000, 0x000000070c000000|  0%| F|  |TAMS 0x000000070be00000| PB 0x000000070be00000| Untracked 
|  55|0x000000070c000000, 0x000000070c000000, 0x000000070c200000|  0%| F|  |TAMS 0x000000070c000000| PB 0x000000070c000000| Untracked 
|  56|0x000000070c200000, 0x000000070c300000, 0x000000070c400000| 50%| E|  |TAMS 0x000000070c200000| PB 0x000000070c200000| Complete 
|  57|0x000000070c400000, 0x000000070c600000, 0x000000070c600000|100%| E|CS|TAMS 0x000000070c400000| PB 0x000000070c400000| Complete 
|  58|0x000000070c600000, 0x000000070c800000, 0x000000070c800000|100%| E|CS|TAMS 0x000000070c600000| PB 0x000000070c600000| Complete 
|  59|0x000000070c800000, 0x000000070ca00000, 0x000000070ca00000|100%| E|CS|TAMS 0x000000070c800000| PB 0x000000070c800000| Complete 
|  60|0x000000070ca00000, 0x000000070cc00000, 0x000000070cc00000|100%| E|CS|TAMS 0x000000070ca00000| PB 0x000000070ca00000| Complete 
|  61|0x000000070cc00000, 0x000000070ce00000, 0x000000070ce00000|100%| E|CS|TAMS 0x000000070cc00000| PB 0x000000070cc00000| Complete 
|  62|0x000000070ce00000, 0x000000070d000000, 0x000000070d000000|100%| E|CS|TAMS 0x000000070ce00000| PB 0x000000070ce00000| Complete 
|  63|0x000000070d000000, 0x000000070d200000, 0x000000070d200000|100%| E|CS|TAMS 0x000000070d000000| PB 0x000000070d000000| Complete 
|  64|0x000000070d200000, 0x000000070d400000, 0x000000070d400000|100%| E|CS|TAMS 0x000000070d200000| PB 0x000000070d200000| Complete 
|  65|0x000000070d400000, 0x000000070d600000, 0x000000070d600000|100%| E|CS|TAMS 0x000000070d400000| PB 0x000000070d400000| Complete 
|  66|0x000000070d600000, 0x000000070d800000, 0x000000070d800000|100%| E|CS|TAMS 0x000000070d600000| PB 0x000000070d600000| Complete 
|  67|0x000000070d800000, 0x000000070da00000, 0x000000070da00000|100%| E|CS|TAMS 0x000000070d800000| PB 0x000000070d800000| Complete 
|  68|0x000000070da00000, 0x000000070dc00000, 0x000000070dc00000|100%| E|CS|TAMS 0x000000070da00000| PB 0x000000070da00000| Complete 
|  69|0x000000070dc00000, 0x000000070de00000, 0x000000070de00000|100%| E|CS|TAMS 0x000000070dc00000| PB 0x000000070dc00000| Complete 
|  70|0x000000070de00000, 0x000000070e000000, 0x000000070e000000|100%| E|CS|TAMS 0x000000070de00000| PB 0x000000070de00000| Complete 
|  71|0x000000070e000000, 0x000000070e200000, 0x000000070e200000|100%| E|CS|TAMS 0x000000070e000000| PB 0x000000070e000000| Complete 
|  72|0x000000070e200000, 0x000000070e400000, 0x000000070e400000|100%| E|CS|TAMS 0x000000070e200000| PB 0x000000070e200000| Complete 
|  73|0x000000070e400000, 0x000000070e600000, 0x000000070e600000|100%| E|CS|TAMS 0x000000070e400000| PB 0x000000070e400000| Complete 
|  74|0x000000070e600000, 0x000000070e800000, 0x000000070e800000|100%| E|CS|TAMS 0x000000070e600000| PB 0x000000070e600000| Complete 
|  75|0x000000070e800000, 0x000000070ea00000, 0x000000070ea00000|100%| E|CS|TAMS 0x000000070e800000| PB 0x000000070e800000| Complete 
|  76|0x000000070ea00000, 0x000000070ec00000, 0x000000070ec00000|100%| E|CS|TAMS 0x000000070ea00000| PB 0x000000070ea00000| Complete 
|  77|0x000000070ec00000, 0x000000070ee00000, 0x000000070ee00000|100%| E|CS|TAMS 0x000000070ec00000| PB 0x000000070ec00000| Complete 
|  78|0x000000070ee00000, 0x000000070f000000, 0x000000070f000000|100%| E|CS|TAMS 0x000000070ee00000| PB 0x000000070ee00000| Complete 
|  79|0x000000070f000000, 0x000000070f200000, 0x000000070f200000|100%| E|CS|TAMS 0x000000070f000000| PB 0x000000070f000000| Complete 
|  80|0x000000070f200000, 0x000000070f400000, 0x000000070f400000|100%| E|CS|TAMS 0x000000070f200000| PB 0x000000070f200000| Complete 
|  81|0x000000070f400000, 0x000000070f600000, 0x000000070f600000|100%| E|CS|TAMS 0x000000070f400000| PB 0x000000070f400000| Complete 
|  82|0x000000070f600000, 0x000000070f800000, 0x000000070f800000|100%| E|CS|TAMS 0x000000070f600000| PB 0x000000070f600000| Complete 
|  83|0x000000070f800000, 0x000000070fa00000, 0x000000070fa00000|100%| E|CS|TAMS 0x000000070f800000| PB 0x000000070f800000| Complete 
|  84|0x000000070fa00000, 0x000000070fc00000, 0x000000070fc00000|100%| E|CS|TAMS 0x000000070fa00000| PB 0x000000070fa00000| Complete 
| 109|0x0000000712c00000, 0x0000000712e00000, 0x0000000712e00000|100%| E|CS|TAMS 0x0000000712c00000| PB 0x0000000712c00000| Complete 
| 110|0x0000000712e00000, 0x0000000713000000, 0x0000000713000000|100%| E|CS|TAMS 0x0000000712e00000| PB 0x0000000712e00000| Complete 
| 111|0x0000000713000000, 0x0000000713200000, 0x0000000713200000|100%| E|CS|TAMS 0x0000000713000000| PB 0x0000000713000000| Complete 
| 125|0x0000000714c00000, 0x0000000714e00000, 0x0000000714e00000|100%| E|CS|TAMS 0x0000000714c00000| PB 0x0000000714c00000| Complete 

Card table byte_map: [0x000001eaf7be0000,0x000001eaf83c0000] _byte_map_base: 0x000001eaf43b7000

Marking Bits: (CMBitMap*) 0x000001eae4daf3e0
 Bits: [0x000001eaf83c0000, 0x000001eafc278000)

Polling page: 0x000001eae2de0000

Metaspace:

Usage:
  Non-class:     64.77 MB used.
      Class:      8.44 MB used.
       Both:     73.21 MB used.

Virtual space:
  Non-class space:      128.00 MB reserved,      65.00 MB ( 51%) committed,  2 nodes.
      Class space:        1.00 GB reserved,       8.56 MB ( <1%) committed,  1 nodes.
             Both:        1.12 GB reserved,      73.56 MB (  6%) committed. 

Chunk freelists:
   Non-Class:  14.80 MB
       Class:  7.25 MB
        Both:  22.05 MB

MaxMetaspaceSize: unlimited
CompressedClassSpaceSize: 1.00 GB
Initial GC threshold: 21.00 MB
Current GC threshold: 98.38 MB
CDS: off
 - commit_granule_bytes: 65536.
 - commit_granule_words: 8192.
 - virtual_space_node_default_size: 8388608.
 - enlarge_chunks_in_place: 1.
 - use_allocation_guard: 0.


Internal statistics:

num_allocs_failed_limit: 9.
num_arena_births: 344.
num_arena_deaths: 0.
num_vsnodes_births: 3.
num_vsnodes_deaths: 0.
num_space_committed: 1175.
num_space_uncommitted: 0.
num_chunks_returned_to_freelist: 9.
num_chunks_taken_from_freelist: 2621.
num_chunk_merges: 6.
num_chunk_splits: 2188.
num_chunks_enlarged: 1984.
num_inconsistent_stats: 0.

CodeHeap 'non-profiled nmethods': size=120000Kb used=5063Kb max_used=5063Kb free=114936Kb
 bounds [0x000001eaef980000, 0x000001eaefe80000, 0x000001eaf6eb0000]
CodeHeap 'profiled nmethods': size=120000Kb used=23886Kb max_used=23886Kb free=96113Kb
 bounds [0x000001eae7eb0000, 0x000001eae9610000, 0x000001eaef3e0000]
CodeHeap 'non-nmethods': size=5760Kb used=1651Kb max_used=1703Kb free=4108Kb
 bounds [0x000001eaef3e0000, 0x000001eaef650000, 0x000001eaef980000]
CodeCache: size=245760Kb, used=30600Kb, max_used=30652Kb, free=215157Kb
 total_blobs=8845, nmethods=8046, adapters=701, full_count=0
Compilation: enabled, stopped_count=0, restarted_count=0

Compilation events (20 events):
Event: 9.835 Thread 0x000001ea8a608cd0 nmethod 8406 0x000001eaefe6e690 code [0x000001eaefe6e820, 0x000001eaefe6e8a0]
Event: 9.835 Thread 0x000001ea8a608cd0 8411       4       org.jetbrains.kotlin.ir.visitors.IrVisitorVoid::visitDeclaration (15 bytes)
Event: 9.836 Thread 0x000001ea8a608cd0 nmethod 8411 0x000001eaefe6e990 code [0x000001eaefe6eb20, 0x000001eaefe6ebf0]
Event: 9.836 Thread 0x000001ea8a608cd0 8415       4       org.jetbrains.kotlin.ir.visitors.IrVisitorsKt::acceptChildrenVoid (24 bytes)
Event: 9.837 Thread 0x000001eaff12e1e0 nmethod 8408 0x000001eae95d8b90 code [0x000001eae95d8e00, 0x000001eae95d9400]
Event: 9.837 Thread 0x000001eaff12e1e0 8409       2       org.jetbrains.kotlin.ir.visitors.IrVisitorVoid::visitValueParameter (12 bytes)
Event: 9.838 Thread 0x000001eaff12e1e0 nmethod 8409 0x000001eae95d9810 code [0x000001eae95d9a80, 0x000001eae95da070]
Event: 9.838 Thread 0x000001eaff12e1e0 8410       2       org.jetbrains.kotlin.ir.visitors.IrVisitorVoid::visitValueParameter (15 bytes)
Event: 9.838 Thread 0x000001ea8a608cd0 nmethod 8415 0x000001eaefe6ed10 code [0x000001eaefe6eea0, 0x000001eaefe6ef78]
Event: 9.838 Thread 0x000001ea8a608cd0 8416       4       org.jetbrains.kotlin.ir.declarations.IrValueParameter::acceptChildren (25 bytes)
Event: 9.839 Thread 0x000001eaff12e1e0 nmethod 8410 0x000001eae95da490 code [0x000001eae95da6c0, 0x000001eae95dab40]
Event: 9.839 Thread 0x000001eaff12e1e0 8412       3       org.jetbrains.kotlin.ir.visitors.IrVisitorVoid::visitSimpleFunction (13 bytes)
Event: 9.839 Thread 0x000001ea8a608cd0 nmethod 8416 0x000001eaefe6f090 code [0x000001eaefe6f220, 0x000001eaefe6f2f0]
Event: 9.839 Thread 0x000001ea8a608cd0 8176       4       org.jetbrains.kotlin.fir.backend.Fir2IrTypeConverterKt::approximateForIrOrSelf (24 bytes)
Event: 9.839 Thread 0x000001eaff12e1e0 nmethod 8412 0x000001eae95dae10 code [0x000001eae95db060, 0x000001eae95db8d8]
Event: 9.839 Thread 0x000001eaff12e1e0 8413       3       org.jetbrains.kotlin.ir.visitors.IrVisitorVoid::visitSimpleFunction (12 bytes)
Event: 9.840 Thread 0x000001eaff12e1e0 nmethod 8413 0x000001eae95dbb90 code [0x000001eae95dbdc0, 0x000001eae95dc440]
Event: 9.840 Thread 0x000001eaff12e1e0 8378       2       kotlin.sequences.SequenceBuilderIterator::hasNext (125 bytes)
Event: 9.841 Thread 0x000001eaff12e1e0 nmethod 8378 0x000001eae95dc690 code [0x000001eae95dc8e0, 0x000001eae95dcf00]
Event: 9.841 Thread 0x000001eaff12e1e0 8380       2       org.jetbrains.kotlin.backend.common.actualizer.SpecialFakeOverrideSymbolsResolver$collectOverrides$1::invokeSuspend (468 bytes)

GC Heap History (20 events):
Event: 0.775 GC heap before
{Heap before GC invocations=1 (full 0):
 garbage-first heap   total 258048K, used 27423K [0x0000000705200000, 0x0000000800000000)
  region size 2048K, 14 young (28672K), 2 survivors (4096K)
 Metaspace       used 21348K, committed 21504K, reserved 1114112K
  class space    used 2289K, committed 2368K, reserved 1048576K
}
Event: 0.780 GC heap after
{Heap after GC invocations=2 (full 0):
 garbage-first heap   total 258048K, used 8622K [0x0000000705200000, 0x0000000800000000)
  region size 2048K, 3 young (6144K), 3 survivors (6144K)
 Metaspace       used 21348K, committed 21504K, reserved 1114112K
  class space    used 2289K, committed 2368K, reserved 1048576K
}
Event: 1.005 GC heap before
{Heap before GC invocations=3 (full 0):
 garbage-first heap   total 34816K, used 33198K [0x0000000705200000, 0x0000000800000000)
  region size 2048K, 15 young (30720K), 3 survivors (6144K)
 Metaspace       used 25592K, committed 25792K, reserved 1114112K
  class space    used 2821K, committed 2880K, reserved 1048576K
}
Event: 1.014 GC heap after
{Heap after GC invocations=4 (full 0):
 garbage-first heap   total 45056K, used 14336K [0x0000000705200000, 0x0000000800000000)
  region size 2048K, 5 young (10240K), 5 survivors (10240K)
 Metaspace       used 25592K, committed 25792K, reserved 1114112K
  class space    used 2821K, committed 2880K, reserved 1048576K
}
Event: 1.205 GC heap before
{Heap before GC invocations=4 (full 0):
 garbage-first heap   total 45056K, used 30720K [0x0000000705200000, 0x0000000800000000)
  region size 2048K, 13 young (26624K), 5 survivors (10240K)
 Metaspace       used 28857K, committed 29120K, reserved 1114112K
  class space    used 3200K, committed 3328K, reserved 1048576K
}
Event: 1.211 GC heap after
{Heap after GC invocations=5 (full 0):
 garbage-first heap   total 45056K, used 16900K [0x0000000705200000, 0x0000000800000000)
  region size 2048K, 1 young (2048K), 1 survivors (2048K)
 Metaspace       used 28857K, committed 29120K, reserved 1114112K
  class space    used 3200K, committed 3328K, reserved 1048576K
}
Event: 1.440 GC heap before
{Heap before GC invocations=5 (full 0):
 garbage-first heap   total 45056K, used 31236K [0x0000000705200000, 0x0000000800000000)
  region size 2048K, 9 young (18432K), 1 survivors (2048K)
 Metaspace       used 34318K, committed 34560K, reserved 1114112K
  class space    used 4288K, committed 4416K, reserved 1048576K
}
Event: 1.442 GC heap after
{Heap after GC invocations=6 (full 0):
 garbage-first heap   total 45056K, used 16685K [0x0000000705200000, 0x0000000800000000)
  region size 2048K, 1 young (2048K), 1 survivors (2048K)
 Metaspace       used 34318K, committed 34560K, reserved 1114112K
  class space    used 4288K, committed 4416K, reserved 1048576K
}
Event: 1.538 GC heap before
{Heap before GC invocations=6 (full 0):
 garbage-first heap   total 45056K, used 26925K [0x0000000705200000, 0x0000000800000000)
  region size 2048K, 8 young (16384K), 1 survivors (2048K)
 Metaspace       used 35758K, committed 35968K, reserved 1114112K
  class space    used 4462K, committed 4544K, reserved 1048576K
}
Event: 1.542 GC heap after
{Heap after GC invocations=7 (full 0):
 garbage-first heap   total 45056K, used 19964K [0x0000000705200000, 0x0000000800000000)
  region size 2048K, 2 young (4096K), 2 survivors (4096K)
 Metaspace       used 35758K, committed 35968K, reserved 1114112K
  class space    used 4462K, committed 4544K, reserved 1048576K
}
Event: 1.646 GC heap before
{Heap before GC invocations=8 (full 0):
 garbage-first heap   total 45056K, used 34300K [0x0000000705200000, 0x0000000800000000)
  region size 2048K, 9 young (18432K), 2 survivors (4096K)
 Metaspace       used 38714K, committed 38976K, reserved 1114112K
  class space    used 4765K, committed 4864K, reserved 1048576K
}
Event: 1.650 GC heap after
{Heap after GC invocations=9 (full 0):
 garbage-first heap   total 151552K, used 20898K [0x0000000705200000, 0x0000000800000000)
  region size 2048K, 1 young (2048K), 1 survivors (2048K)
 Metaspace       used 38714K, committed 38976K, reserved 1114112K
  class space    used 4765K, committed 4864K, reserved 1048576K
}
Event: 3.261 GC heap before
{Heap before GC invocations=9 (full 0):
 garbage-first heap   total 151552K, used 106914K [0x0000000705200000, 0x0000000800000000)
  region size 2048K, 44 young (90112K), 1 survivors (2048K)
 Metaspace       used 54077K, committed 54336K, reserved 1114112K
  class space    used 6387K, committed 6528K, reserved 1048576K
}
Event: 3.282 GC heap after
{Heap after GC invocations=10 (full 0):
 garbage-first heap   total 151552K, used 37523K [0x0000000705200000, 0x0000000800000000)
  region size 2048K, 6 young (12288K), 6 survivors (12288K)
 Metaspace       used 54077K, committed 54336K, reserved 1114112K
  class space    used 6387K, committed 6528K, reserved 1048576K
}
Event: 4.180 GC heap before
{Heap before GC invocations=10 (full 0):
 garbage-first heap   total 151552K, used 70291K [0x0000000705200000, 0x0000000800000000)
  region size 2048K, 23 young (47104K), 6 survivors (12288K)
 Metaspace       used 59890K, committed 60160K, reserved 1114112K
  class space    used 7146K, committed 7296K, reserved 1048576K
}
Event: 4.199 GC heap after
{Heap after GC invocations=11 (full 0):
 garbage-first heap   total 151552K, used 43494K [0x0000000705200000, 0x0000000800000000)
  region size 2048K, 3 young (6144K), 3 survivors (6144K)
 Metaspace       used 59890K, committed 60160K, reserved 1114112K
  class space    used 7146K, committed 7296K, reserved 1048576K
}
Event: 6.106 GC heap before
{Heap before GC invocations=12 (full 0):
 garbage-first heap   total 151552K, used 106982K [0x0000000705200000, 0x0000000800000000)
  region size 2048K, 34 young (69632K), 3 survivors (6144K)
 Metaspace       used 67015K, committed 67328K, reserved 1114112K
  class space    used 7971K, committed 8128K, reserved 1048576K
}
Event: 6.133 GC heap after
{Heap after GC invocations=13 (full 0):
 garbage-first heap   total 151552K, used 55836K [0x0000000705200000, 0x0000000800000000)
  region size 2048K, 5 young (10240K), 5 survivors (10240K)
 Metaspace       used 67015K, committed 67328K, reserved 1114112K
  class space    used 7971K, committed 8128K, reserved 1048576K
}
Event: 7.728 GC heap before
{Heap before GC invocations=13 (full 0):
 garbage-first heap   total 151552K, used 113180K [0x0000000705200000, 0x0000000800000000)
  region size 2048K, 33 young (67584K), 5 survivors (10240K)
 Metaspace       used 71494K, committed 71872K, reserved 1114112K
  class space    used 8337K, committed 8512K, reserved 1048576K
}
Event: 7.765 GC heap after
{Heap after GC invocations=14 (full 0):
 garbage-first heap   total 182272K, used 66967K [0x0000000705200000, 0x0000000800000000)
  region size 2048K, 5 young (10240K), 5 survivors (10240K)
 Metaspace       used 71494K, committed 71872K, reserved 1114112K
  class space    used 8337K, committed 8512K, reserved 1048576K
}

Dll operation events (3 events):
Event: 0.006 Loaded shared library C:\Program Files\Android\Android Studio1\jbr\bin\java.dll
Event: 0.010 Loaded shared library C:\Program Files\Android\Android Studio1\jbr\bin\zip.dll
Event: 1.030 Loaded shared library C:\Program Files\Android\Android Studio1\jbr\bin\verify.dll

Deoptimization events (20 events):
Event: 9.387 Thread 0x000001eae28cff50 Uncommon trap: trap_request=0xffffffde fr.pc=0x000001eaefd4f1a4 relative=0x0000000000000864
Event: 9.387 Thread 0x000001eae28cff50 Uncommon trap: reason=class_check action=maybe_recompile pc=0x000001eaefd4f1a4 method=org.jetbrains.kotlin.types.model.TypeSystemContext.lowerBoundIfFlexible(Lorg/jetbrains/kotlin/types/model/KotlinTypeMarker;)Lorg/jetbrains/kotlin/types/model/RigidTypeMa
Event: 9.387 Thread 0x000001eae28cff50 DEOPT PACKING pc=0x000001eaefd4f1a4 sp=0x00000046c86fd2c0
Event: 9.387 Thread 0x000001eae28cff50 DEOPT UNPACKING pc=0x000001eaef434422 sp=0x00000046c86fd298 mode 2
Event: 9.596 Thread 0x000001eae28cff50 Uncommon trap: trap_request=0xffffff45 fr.pc=0x000001eaefe17700 relative=0x00000000000003e0
Event: 9.596 Thread 0x000001eae28cff50 Uncommon trap: reason=unstable_if action=reinterpret pc=0x000001eaefe17700 method=org.jetbrains.kotlin.fir.backend.generators.Fir2IrLazyDeclarationsGeneratorKt.isFakeOverride(Lorg/jetbrains/kotlin/fir/declarations/FirCallableDeclaration;Lorg/jetbrains/kot
Event: 9.596 Thread 0x000001eae28cff50 DEOPT PACKING pc=0x000001eaefe17700 sp=0x00000046c86fd900
Event: 9.596 Thread 0x000001eae28cff50 DEOPT UNPACKING pc=0x000001eaef434422 sp=0x00000046c86fd850 mode 2
Event: 9.606 Thread 0x000001eae28cff50 Uncommon trap: trap_request=0xffffff45 fr.pc=0x000001eaefd34a04 relative=0x0000000000000344
Event: 9.606 Thread 0x000001eae28cff50 Uncommon trap: reason=unstable_if action=reinterpret pc=0x000001eaefd34a04 method=java.lang.String.indexOf([BBILjava/lang/String;I)I @ 22 c2
Event: 9.606 Thread 0x000001eae28cff50 DEOPT PACKING pc=0x000001eaefd34a04 sp=0x00000046c86fd3d0
Event: 9.606 Thread 0x000001eae28cff50 DEOPT UNPACKING pc=0x000001eaef434422 sp=0x00000046c86fd250 mode 2
Event: 9.606 Thread 0x000001eae28cff50 Uncommon trap: trap_request=0xffffff45 fr.pc=0x000001eaefbc4970 relative=0x0000000000000330
Event: 9.606 Thread 0x000001eae28cff50 Uncommon trap: reason=unstable_if action=reinterpret pc=0x000001eaefbc4970 method=java.lang.String.indexOf([BBILjava/lang/String;I)I @ 22 c2
Event: 9.606 Thread 0x000001eae28cff50 DEOPT PACKING pc=0x000001eaefbc4970 sp=0x00000046c86fd340
Event: 9.606 Thread 0x000001eae28cff50 DEOPT UNPACKING pc=0x000001eaef434422 sp=0x00000046c86fd250 mode 2
Event: 9.620 Thread 0x000001eae28cff50 Uncommon trap: trap_request=0xffffff45 fr.pc=0x000001eaefbc6b48 relative=0x0000000000000308
Event: 9.620 Thread 0x000001eae28cff50 Uncommon trap: reason=unstable_if action=reinterpret pc=0x000001eaefbc6b48 method=java.lang.String.indexOf([BBILjava/lang/String;I)I @ 22 c2
Event: 9.620 Thread 0x000001eae28cff50 DEOPT PACKING pc=0x000001eaefbc6b48 sp=0x00000046c86fd2c0
Event: 9.620 Thread 0x000001eae28cff50 DEOPT UNPACKING pc=0x000001eaef434422 sp=0x00000046c86fd250 mode 2

Classes loaded (20 events):
Event: 5.690 Loading class java/text/Format done
Event: 5.691 Loading class java/text/MessageFormat done
Event: 5.691 Loading class java/util/Locale$Category
Event: 5.691 Loading class java/util/Locale$Category done
Event: 5.737 Loading class java/text/ChoiceFormat
Event: 5.737 Loading class java/text/NumberFormat
Event: 5.738 Loading class java/text/NumberFormat done
Event: 5.738 Loading class java/text/ChoiceFormat done
Event: 5.800 Loading class java/util/EnumMap$EntrySet
Event: 5.801 Loading class java/util/EnumMap$EntrySet done
Event: 5.801 Loading class java/util/EnumMap$EntryIterator
Event: 5.801 Loading class java/util/EnumMap$EnumMapIterator
Event: 5.801 Loading class java/util/EnumMap$EnumMapIterator done
Event: 5.801 Loading class java/util/EnumMap$EntryIterator done
Event: 5.801 Loading class java/util/EnumMap$EntryIterator$Entry
Event: 5.801 Loading class java/util/EnumMap$EntryIterator$Entry done
Event: 7.772 Loading class java/lang/Byte$ByteCache
Event: 7.773 Loading class java/lang/Byte$ByteCache done
Event: 9.622 Loading class java/lang/Short$ShortCache
Event: 9.622 Loading class java/lang/Short$ShortCache done

Classes unloaded (0 events):
No events

Classes redefined (0 events):
No events

Internal exceptions (20 events):
Event: 4.786 Thread 0x000001eae28cff50 Exception <a 'java/lang/NoSuchMethodError'{0x000000070d9798e0}: 'java.lang.Object java.lang.invoke.DirectMethodHandle$Holder.newInvokeSpecial(java.lang.Object, java.lang.Object, java.lang.Object, int)'> (0x000000070d9798e0) 
thrown [s\src\hotspot\share\interpreter\linkResolver.cpp, line 784]
Event: 4.787 Thread 0x000001eae28cff50 Exception <a 'java/lang/NoSuchMethodError'{0x000000070d97d6a0}: 'java.lang.Object java.lang.invoke.DirectMethodHandle$Holder.invokeSpecial(java.lang.Object, java.lang.Object, java.lang.Object, java.lang.Object, int)'> (0x000000070d97d6a0) 
thrown [s\src\hotspot\share\interpreter\linkResolver.cpp, line 784]
Event: 4.787 Thread 0x000001eae28cff50 Exception <a 'java/lang/NoSuchMethodError'{0x000000070d980de8}: 'java.lang.Object java.lang.invoke.Invokers$Holder.linkToTargetMethod(java.lang.Object, java.lang.Object, int, java.lang.Object)'> (0x000000070d980de8) 
thrown [s\src\hotspot\share\interpreter\linkResolver.cpp, line 784]
Event: 4.829 Thread 0x000001eae28cff50 Implicit null exception at 0x000001eaef9b6da0 to 0x000001eaef9b735c
Event: 4.830 Thread 0x000001eae28cff50 Implicit null exception at 0x000001eaef9ba6a0 to 0x000001eaef9bac54
Event: 4.983 Thread 0x000001eae28cff50 Exception <a 'java/lang/NoSuchMethodError'{0x000000070d1b1f00}: 'java.lang.Object java.lang.invoke.DirectMethodHandle$Holder.invokeStatic(java.lang.Object, java.lang.Object, java.lang.Object, int, java.lang.Object, java.lang.Object)'> (0x000000070d1b1f00) 
thrown [s\src\hotspot\share\interpreter\linkResolver.cpp, line 784]
Event: 5.770 Thread 0x000001eae28cff50 Exception <a 'java/lang/NoSuchMethodError'{0x000000070b25b920}: 'java.lang.Object java.lang.invoke.DirectMethodHandle$Holder.invokeStatic(java.lang.Object, int, int, java.lang.Object)'> (0x000000070b25b920) 
thrown [s\src\hotspot\share\interpreter\linkResolver.cpp, line 784]
Event: 5.771 Thread 0x000001eae28cff50 Exception <a 'java/lang/NoSuchMethodError'{0x000000070b25efe0}: 'java.lang.Object java.lang.invoke.DirectMethodHandle$Holder.invokeStaticInit(java.lang.Object, int, int, java.lang.Object)'> (0x000000070b25efe0) 
thrown [s\src\hotspot\share\interpreter\linkResolver.cpp, line 784]
Event: 5.808 Thread 0x000001eae28cff50 Implicit null exception at 0x000001eaef9a0cda to 0x000001eaef9a0de4
Event: 5.898 Thread 0x000001eae28cff50 Implicit null exception at 0x000001eaefccdbc8 to 0x000001eaefccdda8
Event: 5.966 Thread 0x000001eae28cff50 Exception <a 'java/lang/NoSuchMethodError'{0x000000070af32140}: 'java.lang.Object java.lang.invoke.DirectMethodHandle$Holder.invokeSpecial(java.lang.Object, java.lang.Object, java.lang.Object, int, java.lang.Object, java.lang.Object, java.lang.Object)'> (0x000000070af32140) 
thrown [s\src\hotspot\share\interpreter\linkResolver.cpp, line 784]
Event: 5.966 Thread 0x000001eae28cff50 Exception <a 'java/lang/NoSuchMethodError'{0x000000070af357b8}: 'java.lang.Object java.lang.invoke.Invokers$Holder.linkToTargetMethod(java.lang.Object, int, java.lang.Object, java.lang.Object, java.lang.Object, java.lang.Object)'> (0x000000070af357b8) 
thrown [s\src\hotspot\share\interpreter\linkResolver.cpp, line 784]
Event: 6.073 Thread 0x000001eae28cff50 Exception <a 'java/lang/NoSuchMethodError'{0x000000070a462560}: 'java.lang.Object java.lang.invoke.DirectMethodHandle$Holder.newInvokeSpecial(java.lang.Object, java.lang.Object, java.lang.Object, java.lang.Object, java.lang.Object, java.lang.Object, int)'> (0x000000070a462560) 
thrown [s\src\hotspot\share\interpreter\linkResolver.cpp, line 784]
Event: 6.073 Thread 0x000001eae28cff50 Exception <a 'java/lang/NoSuchMethodError'{0x000000070a466ac8}: 'java.lang.Object java.lang.invoke.DirectMethodHandle$Holder.invokeSpecial(java.lang.Object, java.lang.Object, java.lang.Object, java.lang.Object, java.lang.Object, java.lang.Object, java.lang.Object, int)'> (0x000000070a466ac8) 
thrown [s\src\hotspot\share\interpreter\linkResolver.cpp, line 784]
Event: 7.846 Thread 0x000001eae28cff50 Exception <a 'java/lang/NoSuchMethodError'{0x00000007130dbcf8}: 'java.lang.Object java.lang.invoke.DirectMethodHandle$Holder.newInvokeSpecial(java.lang.Object, java.lang.Object, java.lang.Object, java.lang.Object, java.lang.Object, java.lang.Object, java.lang.Object, java.lang.Object, int)'> (0x00000007130dbcf8) 
thrown [s\src\hotspot\share\interpreter\linkResolver.cpp, line 784]
Event: 7.847 Thread 0x000001eae28cff50 Exception <a 'java/lang/NoSuchMethodError'{0x00000007130e09f0}: 'java.lang.Object java.lang.invoke.DirectMethodHandle$Holder.invokeSpecial(java.lang.Object, java.lang.Object, java.lang.Object, java.lang.Object, java.lang.Object, java.lang.Object, java.lang.Object, java.lang.Object, java.lang.Object, int)'> (0x00000007130e09f0) 
thrown [s\src\hotspot\share\interpreter\linkResolver.cpp, line 784]
Event: 7.893 Thread 0x000001eae28cff50 Exception <a 'java/lang/NoSuchMethodError'{0x0000000712e18718}: 'java.lang.Object java.lang.invoke.DirectMethodHandle$Holder.newInvokeSpecial(java.lang.Object, java.lang.Object, java.lang.Object, java.lang.Object, java.lang.Object, java.lang.Object, java.lang.Object, int)'> (0x0000000712e18718) 
thrown [s\src\hotspot\share\interpreter\linkResolver.cpp, line 784]
Event: 7.893 Thread 0x000001eae28cff50 Exception <a 'java/lang/NoSuchMethodError'{0x0000000712e1cd28}: 'java.lang.Object java.lang.invoke.DirectMethodHandle$Holder.invokeSpecial(java.lang.Object, java.lang.Object, java.lang.Object, java.lang.Object, java.lang.Object, java.lang.Object, java.lang.Object, java.lang.Object, int)'> (0x0000000712e1cd28) 
thrown [s\src\hotspot\share\interpreter\linkResolver.cpp, line 784]
Event: 7.894 Thread 0x000001eae28cff50 Exception <a 'java/lang/NoSuchMethodError'{0x0000000712e20c50}: 'java.lang.Object java.lang.invoke.Invokers$Holder.linkToTargetMethod(java.lang.Object, java.lang.Object, java.lang.Object, java.lang.Object, java.lang.Object, java.lang.Object, int, java.lang.Object)'> (0x0000000712e20c50) 
thrown [s\src\hotspot\share\interpreter\linkResolver.cpp, line 784]
Event: 9.596 Thread 0x000001eae28cff50 Implicit null exception at 0x000001eaefe17410 to 0x000001eaefe176f4

ZGC Phase Switch (0 events):
No events

VM Operations (20 events):
Event: 7.728 Executing VM operation: G1CollectForAllocation (G1 Evacuation Pause)
Event: 7.765 Executing VM operation: G1CollectForAllocation (G1 Evacuation Pause) done
Event: 7.832 Executing VM operation: HandshakeAllThreads (Deoptimize)
Event: 7.832 Executing VM operation: HandshakeAllThreads (Deoptimize) done
Event: 8.093 Executing VM operation: ICBufferFull
Event: 8.094 Executing VM operation: ICBufferFull done
Event: 8.515 Executing VM operation: ICBufferFull
Event: 8.515 Executing VM operation: ICBufferFull done
Event: 9.245 Executing VM operation: ICBufferFull
Event: 9.245 Executing VM operation: ICBufferFull done
Event: 9.253 Executing VM operation: HandshakeAllThreads (Deoptimize)
Event: 9.253 Executing VM operation: HandshakeAllThreads (Deoptimize) done
Event: 9.506 Executing VM operation: ICBufferFull
Event: 9.507 Executing VM operation: ICBufferFull done
Event: 9.755 Executing VM operation: HandshakeAllThreads (Deoptimize)
Event: 9.755 Executing VM operation: HandshakeAllThreads (Deoptimize) done
Event: 9.760 Executing VM operation: HandshakeAllThreads (Deoptimize)
Event: 9.760 Executing VM operation: HandshakeAllThreads (Deoptimize) done
Event: 9.827 Executing VM operation: HandshakeAllThreads (Deoptimize)
Event: 9.827 Executing VM operation: HandshakeAllThreads (Deoptimize) done

Memory protections (0 events):
No events

Nmethod flushes (20 events):
Event: 4.226 Thread 0x000001eafef2ea10 flushing  nmethod 0x000001eae80fd510
Event: 4.226 Thread 0x000001eafef2ea10 flushing  nmethod 0x000001eae80ff390
Event: 4.226 Thread 0x000001eafef2ea10 flushing  nmethod 0x000001eae80fff90
Event: 4.226 Thread 0x000001eafef2ea10 flushing  nmethod 0x000001eae811da10
Event: 4.226 Thread 0x000001eafef2ea10 flushing  nmethod 0x000001eae8120c10
Event: 4.226 Thread 0x000001eafef2ea10 flushing  nmethod 0x000001eae8123310
Event: 4.226 Thread 0x000001eafef2ea10 flushing  nmethod 0x000001eae8124490
Event: 4.226 Thread 0x000001eafef2ea10 flushing  nmethod 0x000001eae8124b10
Event: 4.226 Thread 0x000001eafef2ea10 flushing  nmethod 0x000001eae8125010
Event: 4.226 Thread 0x000001eafef2ea10 flushing  nmethod 0x000001eae812cf90
Event: 4.226 Thread 0x000001eafef2ea10 flushing  nmethod 0x000001eae81ab190
Event: 4.226 Thread 0x000001eafef2ea10 flushing  nmethod 0x000001eae81abc90
Event: 4.226 Thread 0x000001eafef2ea10 flushing  nmethod 0x000001eae81ac390
Event: 4.226 Thread 0x000001eafef2ea10 flushing  nmethod 0x000001eae81d6d10
Event: 4.226 Thread 0x000001eafef2ea10 flushing  nmethod 0x000001eae8201e90
Event: 4.226 Thread 0x000001eafef2ea10 flushing  nmethod 0x000001eae8202290
Event: 4.226 Thread 0x000001eafef2ea10 flushing  nmethod 0x000001eae8202d10
Event: 4.226 Thread 0x000001eafef2ea10 flushing  nmethod 0x000001eae8203890
Event: 4.226 Thread 0x000001eafef2ea10 flushing  nmethod 0x000001eae8203c90
Event: 4.226 Thread 0x000001eafef2ea10 flushing  nmethod 0x000001eae822dc90

Events (20 events):
Event: 0.137 Loaded shared library C:\Program Files\Android\Android Studio1\jbr\bin\zip.dll
Event: 0.184 Loaded shared library C:\Program Files\Android\Android Studio1\jbr\bin\jimage.dll
Event: 0.381 Loaded shared library C:\Program Files\Android\Android Studio1\jbr\bin\management.dll
Event: 0.389 Loaded shared library C:\Program Files\Android\Android Studio1\jbr\bin\management_ext.dll
Event: 0.471 Thread 0x000001eaff33fce0 Thread exited: 0x000001eaff33fce0
Event: 0.483 Thread 0x000001eaff33f630 Thread exited: 0x000001eaff33f630
Event: 0.938 Thread 0x000001eaff1055f0 Thread added: 0x000001ea848b2e60
Event: 0.939 Thread 0x000001eaff12e1e0 Thread added: 0x000001ea84a44b30
Event: 1.636 Thread 0x000001ea84a44b30 Thread exited: 0x000001ea84a44b30
Event: 1.909 Thread 0x000001eaff1055f0 Thread added: 0x000001ea89dd1270
Event: 4.127 Thread 0x000001ea89dd1270 Thread exited: 0x000001ea89dd1270
Event: 4.153 Thread 0x000001ea848b2e60 Thread exited: 0x000001ea848b2e60
Event: 4.245 Thread 0x000001eaff12e1e0 Thread added: 0x000001ea8a606ac0
Event: 4.441 Thread 0x000001eaff12e1e0 Thread added: 0x000001ea8a607860
Event: 5.728 Thread 0x000001ea8a606ac0 Thread exited: 0x000001ea8a606ac0
Event: 5.728 Thread 0x000001ea8a607860 Thread exited: 0x000001ea8a607860
Event: 5.840 Thread 0x000001eaff12e1e0 Thread added: 0x000001ea8a608cd0
Event: 6.159 Thread 0x000001eaff12e1e0 Thread added: 0x000001ea8a6093a0
Event: 7.884 Thread 0x000001ea8a6093a0 Thread exited: 0x000001ea8a6093a0
Event: 8.619 Thread 0x000001eaff1055f0 Thread added: 0x000001ea8a607190


Dynamic libraries:
0x00007ff6ec1e0000 - 0x00007ff6ec1ea000 	C:\Program Files\Android\Android Studio1\jbr\bin\java.exe
0x00007ffbcd7c0000 - 0x00007ffbcda28000 	C:\WINDOWS\SYSTEM32\ntdll.dll
0x00007ffbccf40000 - 0x00007ffbcd009000 	C:\WINDOWS\System32\KERNEL32.DLL
0x00007ffbcae70000 - 0x00007ffbcb261000 	C:\WINDOWS\System32\KERNELBASE.dll
0x00007ffbca1d0000 - 0x00007ffbca31b000 	C:\WINDOWS\System32\ucrtbase.dll
0x00007ffb896a0000 - 0x00007ffb896b8000 	C:\Program Files\Android\Android Studio1\jbr\bin\jli.dll
0x00007ffb8dc80000 - 0x00007ffb8dc9b000 	C:\Program Files\Android\Android Studio1\jbr\bin\VCRUNTIME140.dll
0x00007ffbcd1d0000 - 0x00007ffbcd396000 	C:\WINDOWS\System32\USER32.dll
0x00007ffbcb320000 - 0x00007ffbcb347000 	C:\WINDOWS\System32\win32u.dll
0x00007ffbcbec0000 - 0x00007ffbcbeeb000 	C:\WINDOWS\System32\GDI32.dll
0x00007ffbca0a0000 - 0x00007ffbca1cb000 	C:\WINDOWS\System32\gdi32full.dll
0x00007ffbcb270000 - 0x00007ffbcb313000 	C:\WINDOWS\System32\msvcp_win.dll
0x00007ffba44b0000 - 0x00007ffba4743000 	C:\WINDOWS\WinSxS\amd64_microsoft.windows.common-controls_6595b64144ccf1df_6.0.26100.7824_none_3e0870b2e3345462\COMCTL32.dll
0x00007ffbccbd0000 - 0x00007ffbccc79000 	C:\WINDOWS\System32\msvcrt.dll
0x00007ffbcd580000 - 0x00007ffbcd5b1000 	C:\WINDOWS\System32\IMM32.DLL
0x00007ffbb5330000 - 0x00007ffbb533c000 	C:\Program Files\Android\Android Studio1\jbr\bin\vcruntime140_1.dll
0x00007ffb56790000 - 0x00007ffb5681d000 	C:\Program Files\Android\Android Studio1\jbr\bin\msvcp140.dll
0x00007ffaf8f50000 - 0x00007ffaf9be6000 	C:\Program Files\Android\Android Studio1\jbr\bin\server\jvm.dll
0x00007ffbcd110000 - 0x00007ffbcd1c4000 	C:\WINDOWS\System32\ADVAPI32.dll
0x00007ffbccb20000 - 0x00007ffbccbc6000 	C:\WINDOWS\System32\sechost.dll
0x00007ffbcbda0000 - 0x00007ffbcbeb8000 	C:\WINDOWS\System32\RPCRT4.dll
0x00007ffbcc0f0000 - 0x00007ffbcc164000 	C:\WINDOWS\System32\WS2_32.dll
0x00007ffbbece0000 - 0x00007ffbbed15000 	C:\WINDOWS\SYSTEM32\WINMM.dll
0x00007ffbb6f30000 - 0x00007ffbb6f3b000 	C:\WINDOWS\SYSTEM32\VERSION.dll
0x00007ffbc9f20000 - 0x00007ffbc9f7e000 	C:\WINDOWS\SYSTEM32\POWRPROF.dll
0x00007ffbc9f00000 - 0x00007ffbc9f14000 	C:\WINDOWS\SYSTEM32\UMPDC.dll
0x00007ffbc8e20000 - 0x00007ffbc8e3b000 	C:\WINDOWS\SYSTEM32\kernel.appcore.dll
0x00007ffba9e50000 - 0x00007ffba9e5a000 	C:\Program Files\Android\Android Studio1\jbr\bin\jimage.dll
0x00007ffbc8000000 - 0x00007ffbc8242000 	C:\WINDOWS\SYSTEM32\DBGHELP.DLL
0x00007ffbcc610000 - 0x00007ffbcc996000 	C:\WINDOWS\System32\combase.dll
0x00007ffbccc80000 - 0x00007ffbccd57000 	C:\WINDOWS\System32\OLEAUT32.dll
0x00007ffba3b20000 - 0x00007ffba3b5b000 	C:\WINDOWS\SYSTEM32\dbgcore.DLL
0x00007ffbcadc0000 - 0x00007ffbcae65000 	C:\WINDOWS\System32\bcryptPrimitives.dll
0x00007ffb8a5d0000 - 0x00007ffb8a5f0000 	C:\Program Files\Android\Android Studio1\jbr\bin\java.dll
0x00007ffb898b0000 - 0x00007ffb898c8000 	C:\Program Files\Android\Android Studio1\jbr\bin\zip.dll
0x00007ffbcb640000 - 0x00007ffbcbd92000 	C:\WINDOWS\System32\SHELL32.dll
0x00007ffbca320000 - 0x00007ffbca48a000 	C:\WINDOWS\System32\wintypes.dll
0x00007ffbca490000 - 0x00007ffbcacf3000 	C:\WINDOWS\System32\windows.storage.dll
0x00007ffbcce40000 - 0x00007ffbccf36000 	C:\WINDOWS\System32\SHCORE.dll
0x00007ffbcd0a0000 - 0x00007ffbcd107000 	C:\WINDOWS\System32\shlwapi.dll
0x00007ffbc9fc0000 - 0x00007ffbc9fe9000 	C:\WINDOWS\SYSTEM32\profapi.dll
0x00007ffba9e20000 - 0x00007ffba9e30000 	C:\Program Files\Android\Android Studio1\jbr\bin\net.dll
0x00007ffbc04d0000 - 0x00007ffbc05f7000 	C:\WINDOWS\SYSTEM32\WINHTTP.dll
0x00007ffbc93b0000 - 0x00007ffbc941b000 	C:\WINDOWS\system32\mswsock.dll
0x00007ffb895f0000 - 0x00007ffb89606000 	C:\Program Files\Android\Android Studio1\jbr\bin\nio.dll
0x00007ffba2f10000 - 0x00007ffba2f19000 	C:\Program Files\Android\Android Studio1\jbr\bin\management.dll
0x00007ffb98590000 - 0x00007ffb9859b000 	C:\Program Files\Android\Android Studio1\jbr\bin\management_ext.dll
0x00007ffbcce30000 - 0x00007ffbcce38000 	C:\WINDOWS\System32\PSAPI.DLL
0x00007ffb924d0000 - 0x00007ffb924e0000 	C:\Program Files\Android\Android Studio1\jbr\bin\verify.dll

JVMTI agents: none

dbghelp: loaded successfully - version: 4.0.5 - missing functions: none
symbol engine: initialized successfully - sym options: 0x614 - pdb path: .;C:\Program Files\Android\Android Studio1\jbr\bin;C:\WINDOWS\SYSTEM32;C:\WINDOWS\WinSxS\amd64_microsoft.windows.common-controls_6595b64144ccf1df_6.0.26100.7824_none_3e0870b2e3345462;C:\Program Files\Android\Android Studio1\jbr\bin\server

VM Arguments:
java_command: org.jetbrains.kotlin.cli.jvm.K2JVMCompiler @C:\Users\jppj4\AndroidStudioProjects\admin\app\build\20260317_11333695142491036066.compiler.options
java_class_path (initial): C:\Users\jppj4\.gradle\caches\modules-2\files-2.1\org.jetbrains.kotlin\kotlin-compiler-embeddable\2.2.10\6882d39ef03b18879c1a5d2a83c2212361bed5fe\kotlin-compiler-embeddable-2.2.10.jar;C:\Users\jppj4\.gradle\caches\modules-2\files-2.1\org.jetbrains.kotlin\kotlin-stdlib\2.2.10\30de6faa127a4a012db8e71bf1b9c0a99b1402b2\kotlin-stdlib-2.2.10.jar;C:\Users\jppj4\.gradle\caches\modules-2\files-2.1\org.jetbrains.kotlin\kotlin-script-runtime\2.2.10\712f9bc08f378c13a4a00f0bbb28c76e59183e83\kotlin-script-runtime-2.2.10.jar;C:\Users\jppj4\.gradle\caches\modules-2\files-2.1\org.jetbrains.kotlin\kotlin-reflect\1.6.10\1cbe9c92c12a94eea200d23c2bbaedaf3daf5132\kotlin-reflect-1.6.10.jar;C:\Users\jppj4\.gradle\caches\modules-2\files-2.1\org.jetbrains.kotlin\kotlin-daemon-embeddable\2.2.10\212fd3c2c6e4e5d0f4db3c4191233e2b622380cc\kotlin-daemon-embeddable-2.2.10.jar;C:\Users\jppj4\.gradle\caches\modules-2\files-2.1\org.jetbrains.kotlinx\kotlinx-coroutines-core-jvm\1.8.0\ac1dc37a30a93150b704022f8d895ee1bd3a36b3\kotlinx-coroutines-core-jvm-1.8.0.jar;C:\Users\jppj4\.gradle\caches\modules-2\files-2.1\org.jetbrains\annotations\13.0\919f0dfe192fb4e063e7dacadee7f8bb9a2672a9\annotations-13.0.jar
Launcher Type: SUN_STANDARD

[Global flags]
     intx CICompilerCount                          = 4                                         {product} {ergonomic}
     uint ConcGCThreads                            = 3                                         {product} {ergonomic}
     uint G1ConcRefinementThreads                  = 10                                        {product} {ergonomic}
   size_t G1HeapRegionSize                         = 2097152                                   {product} {ergonomic}
    uintx GCDrainStackTargetSize                   = 64                                        {product} {ergonomic}
   size_t InitialHeapSize                          = 264241152                                 {product} {ergonomic}
   size_t MarkStackSize                            = 4194304                                   {product} {ergonomic}
   size_t MaxHeapSize                              = 4208984064                                {product} {ergonomic}
   size_t MaxNewSize                               = 2524971008                                {product} {ergonomic}
   size_t MinHeapDeltaBytes                        = 2097152                                   {product} {ergonomic}
   size_t MinHeapSize                              = 8388608                                   {product} {ergonomic}
    uintx NonNMethodCodeHeapSize                   = 5839372                                {pd product} {ergonomic}
    uintx NonProfiledCodeHeapSize                  = 122909434                              {pd product} {ergonomic}
    uintx ProfiledCodeHeapSize                     = 122909434                              {pd product} {ergonomic}
    uintx ReservedCodeCacheSize                    = 251658240                              {pd product} {ergonomic}
     bool SegmentedCodeCache                       = true                                      {product} {ergonomic}
   size_t SoftMaxHeapSize                          = 4208984064                             {manageable} {ergonomic}
     bool UseCompressedOops                        = true                           {product lp64_product} {ergonomic}
     bool UseG1GC                                  = true                                      {product} {ergonomic}
     bool UseLargePagesIndividualAllocation        = false                                  {pd product} {ergonomic}

Logging:
Log output configuration:
 #0: stdout all=warning uptime,level,tags foldmultilines=false
 #1: stderr all=off uptime,level,tags foldmultilines=false

Release file:
JAVA_VERSION="21.0.9" 
MODULES="java.base java.compiler java.datatransfer java.xml java.prefs java.desktop java.instrument java.logging java.management java.security.sasl java.naming java.rmi java.management.rmi java.net.http java.scripting java.security.jgss java.transaction.xa java.sql java.sql.rowset java.xml.crypto java.se java.smartcardio jdk.accessibility jdk.internal.jvmstat jdk.attach jdk.charsets jdk.internal.opt jdk.zipfs jdk.compiler jdk.crypto.ec jdk.crypto.cryptoki jdk.dynalink jdk.hotspot.agent jdk.httpserver jdk.internal.ed jdk.internal.le jdk.internal.vm.ci jdk.jartool jdk.javadoc jdk.jcmd jdk.jdeps jdk.jdwp.agent jdk.jdi jdk.jfr jdk.jlink jdk.jsobject jdk.localedata jdk.management jdk.management.agent jdk.management.jfr jdk.naming.dns jdk.naming.rmi jdk.net jdk.sctp jdk.security.auth jdk.security.jgss jdk.unsupported jdk.unsupported.desktop jdk.xml.dom" 
IMPLEMENTOR="JetBrains s.r.o." 
JAVA_RUNTIME_VERSION="21.0.9+-14787801-b1163.94" 
LIBC="default" 
OS_ARCH="x86_64" 
OS_NAME="Windows" 
SOURCE=".:git:0c757ddc9f2f" 

Environment Variables:
PATH=C:\Users\jppj4\AppData\Local\Programs\Python\Python313\Scripts\;C:\Users\jppj4\AppData\Local\Programs\Python\Python313\;C:\app\jppj4\product\21c\dbhomeXE\bin;C:\Program Files\Common Files\Oracle\Java\javapath;C:\Program Files (x86)\Common Files\Oracle\Java\javapath;C:\WINDOWS\system32;C:\WINDOWS;C:\WINDOWS\System32\Wbem;C:\WINDOWS\System32\WindowsPowerShell\v1.0\;C:\WINDOWS\System32\OpenSSH\;C:\Program Files\Java\jdk-22\bin;C:\Program Files\Git\cmd;C:\Program Files\nodejs\;C:\ProgramData\chocolatey\bin;C:\jdk-24.0.2\bin;C:\Users\jppj4\AppData\Local\Microsoft\WindowsApps;C:\mingw64\bin;C:\Users\jppj4\AppData\Local\Programs\Microsoft VS Code\bin;C:\Program Files\JetBrains\PyCharm Community Edition 2025.1\bin;;C:\Users\jppj4\AppData\Roaming\npm;C:\Users\jppj4\AppData\Local\GitHubDesktop\bin;C:\Users\jppj4\AppData\Local\Programs\cursor\resources\app\bin
USERNAME=jppj4
OS=Windows_NT
PROCESSOR_IDENTIFIER=Intel64 Family 6 Model 154 Stepping 4, GenuineIntel
TMP=C:\Users\jppj4\AppData\Local\Temp
TEMP=C:\Users\jppj4\AppData\Local\Temp




Periodic native trim disabled

JNI global refs:
JNI global refs: 13, weak refs: 24

JNI global refs memory usage: 835, weak refs: 833

Process memory usage:
Resident Set Size: 429032K (2% of 16440688K total physical memory with 1001132K free physical memory)

OOME stack traces (most recent first):
Classloader memory used:
Loader jdk.internal.loader.ClassLoaders$AppClassLoader                                 : 62489K
Loader bootstrap                                                                       : 12118K
Loader jdk.internal.jrtfs.JrtFileSystemProvider$JrtFsLoader                            : 322K
Loader jdk.internal.loader.ClassLoaders$PlatformClassLoader                            : 67872B

Classes loaded by more than one classloader:
Class jdk.internal.jimage.BasicImageReader                                            : loaded 2 times (x 95B)
Class jdk.internal.jimage.decompressor.StringSharingDecompressorFactory               : loaded 2 times (x 74B)
Class jdk.internal.jrtfs.JrtFileSystemProvider                                        : loaded 2 times (x 101B)
Class jdk.internal.jimage.ImageLocation                                               : loaded 2 times (x 90B)
Class jdk.internal.jimage.ImageBufferCache$1                                          : loaded 2 times (x 83B)
Class jdk.internal.jimage.ImageBufferCache$2                                          : loaded 2 times (x 91B)
Class jdk.internal.jimage.ImageHeader                                                 : loaded 2 times (x 71B)
Class jdk.internal.jimage.decompressor.ResourceDecompressor                           : loaded 2 times (x 70B)
Class jdk.internal.jimage.ImageStringsReader                                          : loaded 2 times (x 80B)
Class jdk.internal.jimage.ImageReader                                                 : loaded 2 times (x 75B)
Class jdk.internal.jimage.ImageReader$SharedImageReader                               : loaded 2 times (x 95B)
Class jdk.internal.jimage.decompressor.ResourceDecompressorFactory                    : loaded 2 times (x 74B)
Class jdk.internal.jimage.ImageReader$Node                                            : loaded 2 times (x 84B)
Class jdk.internal.jimage.BasicImageReader$1                                          : loaded 2 times (x 77B)
Class jdk.internal.jimage.decompressor.Decompressor                                   : loaded 2 times (x 72B)
Class jdk.internal.jimage.ImageBufferCache                                            : loaded 2 times (x 71B)
Class jdk.internal.jrtfs.JrtPath                                                      : loaded 2 times (x 118B)
Class jdk.internal.jimage.decompressor.ResourceDecompressorRepository                 : loaded 2 times (x 71B)
Class jdk.internal.jimage.ImageReader$Directory                                       : loaded 2 times (x 84B)
Class jdk.internal.jimage.decompressor.ZipDecompressorFactory                         : loaded 2 times (x 74B)
Class jdk.internal.jimage.decompressor.ZipDecompressor                                : loaded 2 times (x 75B)
Class jdk.internal.jimage.ImageStrings                                                : loaded 2 times (x 70B)
Class jdk.internal.jrtfs.JrtFileSystem                                                : loaded 2 times (x 102B)
Class jdk.internal.jimage.decompressor.CompressedResourceHeader                       : loaded 2 times (x 71B)
Class jdk.internal.jimage.decompressor.ResourceDecompressor$StringsProvider           : loaded 2 times (x 70B)

---------------  S Y S T E M  ---------------

OS:
 Windows 11 , 64 bit Build 26100 (10.0.26100.7705)
OS uptime: 4 days 23:38 hours
Hyper-V role detected

CPU: total 12 (initial active 12) (6 cores per cpu, 2 threads per core) family 6 model 154 stepping 4 microcode 0x42c, cx8, cmov, fxsr, ht, mmx, 3dnowpref, sse, sse2, sse3, ssse3, sse4.1, sse4.2, popcnt, lzcnt, tsc, tscinvbit, avx, avx2, aes, erms, clmul, bmi1, bmi2, adx, sha, fma, vzeroupper, clflush, clflushopt, clwb, hv, serialize, rdtscp, rdpid, fsrm, f16c, cet_ibt, cet_ss
Processor Information for processor 0
  Max Mhz: 1300, Current Mhz: 1300, Mhz Limit: 1300
Processor Information for processor 1
  Max Mhz: 1300, Current Mhz: 1300, Mhz Limit: 1300
Processor Information for processor 2
  Max Mhz: 1300, Current Mhz: 1300, Mhz Limit: 1300
Processor Information for processor 3
  Max Mhz: 1300, Current Mhz: 1300, Mhz Limit: 1300
Processor Information for processor 4
  Max Mhz: 1300, Current Mhz: 900, Mhz Limit: 897
Processor Information for processor 5
  Max Mhz: 1300, Current Mhz: 900, Mhz Limit: 897
Processor Information for processor 6
  Max Mhz: 1300, Current Mhz: 900, Mhz Limit: 897
Processor Information for processor 7
  Max Mhz: 1300, Current Mhz: 900, Mhz Limit: 897
Processor Information for processor 8
  Max Mhz: 1300, Current Mhz: 900, Mhz Limit: 897
Processor Information for processor 9
  Max Mhz: 1300, Current Mhz: 900, Mhz Limit: 897
Processor Information for processor 10
  Max Mhz: 1300, Current Mhz: 900, Mhz Limit: 897
Processor Information for processor 11
  Max Mhz: 1300, Current Mhz: 900, Mhz Limit: 897

Memory: 4k page, system-wide physical 16055M (977M free)
TotalPageFile size 31233M (AvailPageFile size 5M)
current process WorkingSet (physical memory assigned to process): 419M, peak: 420M
current process commit charge ("private bytes"): 454M, peak: 457M

vm_info: OpenJDK 64-Bit Server VM (21.0.9+-14787801-b1163.94) for windows-amd64 JRE (21.0.9+-14787801-b1163.94), built on 2026-01-27T21:15:44Z by "builder" with MS VC++ 16.10 / 16.11 (VS2019)

END.
